// Jest Snapshot v1, https://goo.gl/fbAQLP

exports[`test the command  $ react-generate-template /home/toshiba/Documents/react-workplace/react-generate-template/src/generate/__tests__/react/test-dir test-component --lib=react --type=function --include=test 1`] = `"[\\"import TestComponent from './test-component';\\\\n\\\\nexport default TestComponent;\\\\n\\",\\"import React from 'react';\\\\n\\\\nconst TestComponent = (props: ) => (\\\\n\\\\t<div>Hello</div>\\\\n);\\\\n\\\\nexport default TestComponent;\\\\n\\",\\"import React from 'react';\\\\nimport ReactDOM from 'react-dom';\\\\nimport TestComponent from './test-component';\\\\n\\\\ntest(\\\\\\"adds 'hello' to 'world' equal to 'hello world'\\\\\\", () => {\\\\n\\\\texpect('hello' + ' ' + 'world').toBe('hello world');\\\\n});\\\\n\\"]"`;

exports[`test the command  $ react-generate-template /home/toshiba/Documents/react-workplace/react-generate-template/src/generate/__tests__/react/test-dir test-component --lib=react --type=function --include=test,flow 1`] = `"[\\"// @flow\\\\nimport TestComponent from './test-component';\\\\nimport type {Props} from './test-component.flow';\\\\n\\\\nexport default TestComponent;\\\\nexport type {Props};\\\\n\\",\\"// @flow\\\\n\\\\nexport type Props = any;\\\\n\\",\\"// @flow\\\\nimport React from 'react';\\\\nimport type {Props} from './test-component.flow';\\\\n\\\\nconst TestComponent = (props: Props) => (\\\\n\\\\t<div>Hello</div>\\\\n);\\\\n\\\\nexport default TestComponent;\\\\n\\",\\"import React from 'react';\\\\nimport ReactDOM from 'react-dom';\\\\nimport TestComponent from './test-component';\\\\n\\\\ntest(\\\\\\"adds 'hello' to 'world' equal to 'hello world'\\\\\\", () => {\\\\n\\\\texpect('hello' + ' ' + 'world').toBe('hello world');\\\\n});\\\\n\\"]"`;

exports[`test the command  $ react-generate-template /home/toshiba/Documents/react-workplace/react-generate-template/src/generate/__tests__/react/test-dir test-component --lib=react --type=function --include=test,redux 1`] = `"[\\"import TestComponent from './test-component';\\\\n\\\\nexport default TestComponent;\\\\n\\",\\"import React from 'react';\\\\nimport {connect} from 'react-redux';\\\\n\\\\nconst TestComponent = (props: ) => (\\\\n\\\\t<div>Hello</div>\\\\n);\\\\n\\\\nconst mapStateToProps = state => ({});\\\\n\\\\nconst mapDispatchToProps = {};\\\\n\\\\nexport default connect(mapStateToProps, mapDispatchToProps)(TestComponent);\\\\n\\",\\"import React from 'react';\\\\nimport ReactDOM from 'react-dom';\\\\nimport TestComponent from './test-component';\\\\n\\\\ntest(\\\\\\"adds 'hello' to 'world' equal to 'hello world'\\\\\\", () => {\\\\n\\\\texpect('hello' + ' ' + 'world').toBe('hello world');\\\\n});\\\\n\\"]"`;

exports[`test the command  $ react-generate-template /home/toshiba/Documents/react-workplace/react-generate-template/src/generate/__tests__/react/test-dir test-component --lib=react --type=function --include=test,redux,flow 1`] = `"[\\"// @flow\\\\nimport TestComponent from './test-component';\\\\nimport type {Props} from './test-component.flow';\\\\n\\\\nexport default TestComponent;\\\\nexport type {Props};\\\\n\\",\\"// @flow\\\\n\\\\nexport type Props = any;\\\\n\\",\\"// @flow\\\\nimport React from 'react';\\\\nimport {connect} from 'react-redux';\\\\nimport type {Props} from './test-component.flow';\\\\n\\\\nconst TestComponent = (props: Props) => (\\\\n\\\\t<div>Hello</div>\\\\n);\\\\n\\\\nconst mapStateToProps = state => ({});\\\\n\\\\nconst mapDispatchToProps = {};\\\\n\\\\nexport default connect(mapStateToProps, mapDispatchToProps)(TestComponent);\\\\n\\",\\"import React from 'react';\\\\nimport ReactDOM from 'react-dom';\\\\nimport TestComponent from './test-component';\\\\n\\\\ntest(\\\\\\"adds 'hello' to 'world' equal to 'hello world'\\\\\\", () => {\\\\n\\\\texpect('hello' + ' ' + 'world').toBe('hello world');\\\\n});\\\\n\\"]"`;

exports[`test the command  $ react-generate-template /home/toshiba/Documents/react-workplace/react-generate-template/src/generate/__tests__/react/test-dir test-component --lib=react --type=function 1`] = `"[\\"import TestComponent from './test-component';\\\\n\\\\nexport default TestComponent;\\\\n\\",\\"import React from 'react';\\\\n\\\\nconst TestComponent = (props: ) => (\\\\n\\\\t<div>Hello</div>\\\\n);\\\\n\\\\nexport default TestComponent;\\\\n\\"]"`;

exports[`test the command  $ react-generate-template /home/toshiba/Documents/react-workplace/react-generate-template/src/generate/__tests__/react/test-dir test-component -d --lib=react --type=class --include=test,redux,flow 1`] = `"[\\"// @flow\\\\n\\\\nexport type Props = any;\\\\n\\\\nexport type State = any;\\\\n\\",\\"// @flow\\\\nimport React, {Component} from 'react';\\\\nimport {connect} from 'react-redux';\\\\nimport type {Props, State} from './test-component.flow';\\\\n\\\\nclass TestComponent extends Component<Props, State> {\\\\n\\\\tstate = {};\\\\n\\\\n\\\\trender() {\\\\n\\\\t\\\\treturn <div>Hello</div>;\\\\n\\\\t}\\\\n}\\\\n\\\\nconst mapStateToProps = state => ({});\\\\n\\\\nconst mapDispatchToProps = {};\\\\n\\\\nexport default connect(mapStateToProps, mapDispatchToProps)(TestComponent);\\\\n\\",\\"import React from 'react';\\\\nimport ReactDOM from 'react-dom';\\\\nimport TestComponent from './test-component';\\\\n\\\\ntest(\\\\\\"adds 'hello' to 'world' equal to 'hello world'\\\\\\", () => {\\\\n\\\\texpect('hello' + ' ' + 'world').toBe('hello world');\\\\n});\\\\n\\"]"`;
